
===========================================================================
 report_power
============================================================================
======================= nom_tt_025C_1v80 Corner ===================================

Group                    Internal    Switching      Leakage        Total
                            Power        Power        Power        Power (Watts)
------------------------------------------------------------------------
Sequential           3.870400e-05 4.495785e-06 1.449370e-10 4.319993e-05  86.2%
Combinational        4.604432e-06 2.316750e-06 1.562854e-10 6.921338e-06  13.8%
Clock                0.000000e+00 0.000000e+00 0.000000e+00 0.000000e+00   0.0%
Macro                0.000000e+00 0.000000e+00 0.000000e+00 0.000000e+00   0.0%
Pad                  0.000000e+00 0.000000e+00 0.000000e+00 0.000000e+00   0.0%
------------------------------------------------------------------------
Total                4.330844e-05 6.812536e-06 3.012226e-10 5.012128e-05 100.0%
                            86.4%        13.6%         0.0%

